snapshot: album_list_initial
protocol: V1
mutations:
  CreateNode id=1 kind=SafeArea
  SetProp id=1 key=SafeAreaEdges value=SafeAreaEdges(TopBottom)
  SetProp id=1 key=Alignment value=Alignment(Stretch)
  SetProp id=1 key=JustifyContent value=JustifyContent(Start)
  SetProp id=1 key=Padding value=Insets(top=0.0, right=0.0, bottom=0.0, left=0.0)
  CreateNode id=2 kind=Stack
  SetProp id=2 key=Axis value=Axis(Vertical)
  SetProp id=2 key=Spacing value=16.0
  SetProp id=2 key=Padding value=Insets(top=24.0, right=24.0, bottom=24.0, left=24.0)
  SetProp id=2 key=Alignment value=Alignment(Stretch)
  SetProp id=2 key=JustifyContent value=JustifyContent(Start)
  CreateTextNode id=3 text="Albums"
  SetProp id=3 key=FontSize value=32.0
  SetProp id=3 key=FontWeight value=FontWeight(Bold)
  InsertChild parent=2 child=3 index=0
  CreateNode id=4 kind=List
  SetProp id=4 key=Axis value=Axis(Vertical)
  SetProp id=4 key=Spacing value=0.0
  SetProp id=4 key=Padding value=Insets(top=0.0, right=0.0, bottom=0.0, left=0.0)
  SetProp id=4 key=Alignment value=Alignment(Leading)
  CreateNode id=5 kind=Stack
  SetProp id=5 key=Axis value=Axis(Horizontal)
  SetProp id=5 key=Spacing value=12.0
  SetProp id=5 key=Padding value=Insets(top=8.0, right=8.0, bottom=8.0, left=8.0)
  SetProp id=5 key=Alignment value=Alignment(Center)
  SetProp id=5 key=JustifyContent value=JustifyContent(Start)
  CreateNode id=6 kind=Image
  SetProp id=6 key=Source value="explorations.jpg"
  SetProp id=6 key=Width value=Dimension(Points(60.0))
  SetProp id=6 key=Height value=Dimension(Points(60.0))
  SetProp id=6 key=CornerRadius value=8.0
  InsertChild parent=5 child=6 index=0
  CreateNode id=7 kind=Stack
  SetProp id=7 key=Axis value=Axis(Vertical)
  SetProp id=7 key=Spacing value=8.0
  SetProp id=7 key=Padding value=Insets(top=0.0, right=0.0, bottom=0.0, left=0.0)
  SetProp id=7 key=Alignment value=Alignment(Leading)
  SetProp id=7 key=JustifyContent value=JustifyContent(Start)
  CreateTextNode id=8 text="Explorations"
  SetProp id=8 key=FontSize value=18.0
  SetProp id=8 key=FontWeight value=FontWeight(SemiBold)
  InsertChild parent=7 child=8 index=0
  CreateTextNode id=9 text="Nova Collective"
  SetProp id=9 key=Color value=Color(r=0.4, g=0.4, b=0.5, a=1.0)
  InsertChild parent=7 child=9 index=1
  InsertChild parent=5 child=7 index=1
  CreateNode id=10 kind=Button
  SetText id=10 text="Like"
  AttachEventListener id=10 event=Tap
  InsertChild parent=5 child=10 index=2
  InsertChild parent=4 child=5 index=0
  CreateNode id=11 kind=Stack
  SetProp id=11 key=Axis value=Axis(Horizontal)
  SetProp id=11 key=Spacing value=12.0
  SetProp id=11 key=Padding value=Insets(top=8.0, right=8.0, bottom=8.0, left=8.0)
  SetProp id=11 key=Alignment value=Alignment(Center)
  SetProp id=11 key=JustifyContent value=JustifyContent(Start)
  CreateNode id=12 kind=Image
  SetProp id=12 key=Source value="analog_dreams.jpg"
  SetProp id=12 key=Width value=Dimension(Points(60.0))
  SetProp id=12 key=Height value=Dimension(Points(60.0))
  SetProp id=12 key=CornerRadius value=8.0
  InsertChild parent=11 child=12 index=0
  CreateNode id=13 kind=Stack
  SetProp id=13 key=Axis value=Axis(Vertical)
  SetProp id=13 key=Spacing value=8.0
  SetProp id=13 key=Padding value=Insets(top=0.0, right=0.0, bottom=0.0, left=0.0)
  SetProp id=13 key=Alignment value=Alignment(Leading)
  SetProp id=13 key=JustifyContent value=JustifyContent(Start)
  CreateTextNode id=14 text="Analog Dreams"
  SetProp id=14 key=FontSize value=18.0
  SetProp id=14 key=FontWeight value=FontWeight(SemiBold)
  InsertChild parent=13 child=14 index=0
  CreateTextNode id=15 text="Chromatic"
  SetProp id=15 key=Color value=Color(r=0.4, g=0.4, b=0.5, a=1.0)
  InsertChild parent=13 child=15 index=1
  InsertChild parent=11 child=13 index=1
  CreateNode id=16 kind=Button
  SetText id=16 text="Like"
  AttachEventListener id=16 event=Tap
  InsertChild parent=11 child=16 index=2
  InsertChild parent=4 child=11 index=1
  CreateNode id=17 kind=Stack
  SetProp id=17 key=Axis value=Axis(Horizontal)
  SetProp id=17 key=Spacing value=12.0
  SetProp id=17 key=Padding value=Insets(top=8.0, right=8.0, bottom=8.0, left=8.0)
  SetProp id=17 key=Alignment value=Alignment(Center)
  SetProp id=17 key=JustifyContent value=JustifyContent(Start)
  CreateNode id=18 kind=Image
  SetProp id=18 key=Source value="signal_flow.jpg"
  SetProp id=18 key=Width value=Dimension(Points(60.0))
  SetProp id=18 key=Height value=Dimension(Points(60.0))
  SetProp id=18 key=CornerRadius value=8.0
  InsertChild parent=17 child=18 index=0
  CreateNode id=19 kind=Stack
  SetProp id=19 key=Axis value=Axis(Vertical)
  SetProp id=19 key=Spacing value=8.0
  SetProp id=19 key=Padding value=Insets(top=0.0, right=0.0, bottom=0.0, left=0.0)
  SetProp id=19 key=Alignment value=Alignment(Leading)
  SetProp id=19 key=JustifyContent value=JustifyContent(Start)
  CreateTextNode id=20 text="Signal Flow"
  SetProp id=20 key=FontSize value=18.0
  SetProp id=20 key=FontWeight value=FontWeight(SemiBold)
  InsertChild parent=19 child=20 index=0
  CreateTextNode id=21 text="Greyline"
  SetProp id=21 key=Color value=Color(r=0.4, g=0.4, b=0.5, a=1.0)
  InsertChild parent=19 child=21 index=1
  InsertChild parent=17 child=19 index=1
  CreateNode id=22 kind=Button
  SetText id=22 text="Like"
  AttachEventListener id=22 event=Tap
  InsertChild parent=17 child=22 index=2
  InsertChild parent=4 child=17 index=2
  InsertChild parent=2 child=4 index=1
  InsertChild parent=1 child=2 index=0
layout:
  LayoutFrame id=1 x=0.0 y=0.0 width=390.0 height=844.0
  LayoutFrame id=2 x=0.0 y=0.0 width=390.0 height=330.0
  LayoutFrame id=3 x=24.0 y=24.0 width=342.0 height=38.0
  LayoutFrame id=4 x=24.0 y=78.0 width=342.0 height=228.0
  LayoutFrame id=5 x=0.0 y=0.0 width=295.0 height=76.0
  LayoutFrame id=6 x=8.0 y=8.0 width=60.0 height=60.0
  LayoutFrame id=7 x=80.0 y=15.0 width=130.0 height=47.0
  LayoutFrame id=8 x=0.0 y=0.0 width=130.0 height=22.0
  LayoutFrame id=9 x=0.0 y=30.0 width=126.0 height=17.0
  LayoutFrame id=10 x=222.0 y=20.0 width=65.0 height=37.0
  LayoutFrame id=11 x=0.0 y=76.0 width=306.0 height=76.0
  LayoutFrame id=12 x=8.0 y=8.0 width=60.0 height=60.0
  LayoutFrame id=13 x=80.0 y=15.0 width=140.0 height=47.0
  LayoutFrame id=14 x=0.0 y=0.0 width=140.0 height=22.0
  LayoutFrame id=15 x=0.0 y=30.0 width=76.0 height=17.0
  LayoutFrame id=16 x=232.0 y=20.0 width=66.0 height=37.0
  LayoutFrame id=17 x=0.0 y=152.0 width=284.0 height=76.0
  LayoutFrame id=18 x=8.0 y=8.0 width=60.0 height=60.0
  LayoutFrame id=19 x=80.0 y=15.0 width=119.0 height=47.0
  LayoutFrame id=20 x=0.0 y=0.0 width=119.0 height=22.0
  LayoutFrame id=21 x=0.0 y=30.0 width=67.0 height=17.0
  LayoutFrame id=22 x=211.0 y=20.0 width=65.0 height=37.0
